6407  openat(AT_FDCWD, "/usr/lib/aarch64-linux-gnu/tls/aarch64/atomics/libnss_db.so.2", O_RDONLY|O_CLOEXEC) = -1 ENOENT (No such file or directory)
6407  newfstatat(AT_FDCWD, "/usr/lib/aarch64-linux-gnu/tls/aarch64/atomics", 0xffffebe32750, 0) = -1 ENOENT (No such file or directory)
6407  openat(AT_FDCWD, "/usr/lib/aarch64-linux-gnu/tls/aarch64/libnss_db.so.2", O_RDONLY|O_CLOEXEC) = -1 ENOENT (No such file or directory)
6407  newfstatat(AT_FDCWD, "/usr/lib/aarch64-linux-gnu/tls/aarch64", 0xffffebe32750, 0) = -1 ENOENT (No such file or directory)
6407  openat(AT_FDCWD, "/usr/lib/aarch64-linux-gnu/tls/atomics/libnss_db.so.2", O_RDONLY|O_CLOEXEC) = -1 ENOENT (No such file or directory)
6407  newfstatat(AT_FDCWD, "/usr/lib/aarch64-linux-gnu/tls/atomics", 0xffffebe32750, 0) = -1 ENOENT (No such file or directory)
6407  openat(AT_FDCWD, "/usr/lib/aarch64-linux-gnu/tls/libnss_db.so.2", O_RDONLY|O_CLOEXEC) = -1 ENOENT (No such file or directory)
6407  newfstatat(AT_FDCWD, "/usr/lib/aarch64-linux-gnu/tls", 0xffffebe32750, 0) = -1 ENOENT (No such file or directory)
6407  openat(AT_FDCWD, "/usr/lib/aarch64-linux-gnu/aarch64/atomics/libnss_db.so.2", O_RDONLY|O_CLOEXEC) = -1 ENOENT (No such file or directory)
6407  newfstatat(AT_FDCWD, "/usr/lib/aarch64-linux-gnu/aarch64/atomics", 0xffffebe32750, 0) = -1 ENOENT (No such file or directory)
6407  openat(AT_FDCWD, "/usr/lib/aarch64-linux-gnu/aarch64/libnss_db.so.2", O_RDONLY|O_CLOEXEC) = -1 ENOENT (No such file or directory)
6407  newfstatat(AT_FDCWD, "/usr/lib/aarch64-linux-gnu/aarch64", 0xffffebe32750, 0) = -1 ENOENT (No such file or directory)
6407  openat(AT_FDCWD, "/usr/lib/aarch64-linux-gnu/atomics/libnss_db.so.2", O_RDONLY|O_CLOEXEC) = -1 ENOENT (No such file or directory)
6407  newfstatat(AT_FDCWD, "/usr/lib/aarch64-linux-gnu/atomics", 0xffffebe32750, 0) = -1 ENOENT (No such file or directory)
6407  openat(AT_FDCWD, "/usr/lib/aarch64-linux-gnu/libnss_db.so.2", O_RDONLY|O_CLOEXEC) = -1 ENOENT (No such file or directory)
6407  newfstatat(AT_FDCWD, "/usr/lib/aarch64-linux-gnu", {st_mode=S_IFDIR|0755, st_size=237568, ...}, 0) = 0
6407  openat(AT_FDCWD, "/lib/tls/aarch64/atomics/libnss_db.so.2", O_RDONLY|O_CLOEXEC) = -1 ENOENT (No such file or directory)
6407  newfstatat(AT_FDCWD, "/lib/tls/aarch64/atomics", 0xffffebe32750, 0) = -1 ENOENT (No such file or directory)
6407  openat(AT_FDCWD, "/lib/tls/aarch64/libnss_db.so.2", O_RDONLY|O_CLOEXEC) = -1 ENOENT (No such file or directory)
6407  newfstatat(AT_FDCWD, "/lib/tls/aarch64", 0xffffebe32750, 0) = -1 ENOENT (No such file or directory)
6407  openat(AT_FDCWD, "/lib/tls/atomics/libnss_db.so.2", O_RDONLY|O_CLOEXEC) = -1 ENOENT (No such file or directory)
6407  newfstatat(AT_FDCWD, "/lib/tls/atomics", 0xffffebe32750, 0) = -1 ENOENT (No such file or directory)
6407  openat(AT_FDCWD, "/lib/tls/libnss_db.so.2", O_RDONLY|O_CLOEXEC) = -1 ENOENT (No such file or directory)
6407  newfstatat(AT_FDCWD, "/lib/tls", 0xffffebe32750, 0) = -1 ENOENT (No such file or directory)
6407  openat(AT_FDCWD, "/lib/aarch64/atomics/libnss_db.so.2", O_RDONLY|O_CLOEXEC) = -1 ENOENT (No such file or directory)
6407  newfstatat(AT_FDCWD, "/lib/aarch64/atomics", 0xffffebe32750, 0) = -1 ENOENT (No such file or directory)
6407  openat(AT_FDCWD, "/lib/aarch64/libnss_db.so.2", O_RDONLY|O_CLOEXEC) = -1 ENOENT (No such file or directory)
6407  newfstatat(AT_FDCWD, "/lib/aarch64", 0xffffebe32750, 0) = -1 ENOENT (No such file or directory)
6407  openat(AT_FDCWD, "/lib/atomics/libnss_db.so.2", O_RDONLY|O_CLOEXEC) = -1 ENOENT (No such file or directory)
6407  newfstatat(AT_FDCWD, "/lib/atomics", 0xffffebe32750, 0) = -1 ENOENT (No such file or directory)
6407  openat(AT_FDCWD, "/lib/libnss_db.so.2", O_RDONLY|O_CLOEXEC) = -1 ENOENT (No such file or directory)
6407  newfstatat(AT_FDCWD, "/lib", {st_mode=S_IFDIR|0755, st_size=12288, ...}, 0) = 0
6407  openat(AT_FDCWD, "/usr/lib/tls/aarch64/atomics/libnss_db.so.2", O_RDONLY|O_CLOEXEC) = -1 ENOENT (No such file or directory)
6407  newfstatat(AT_FDCWD, "/usr/lib/tls/aarch64/atomics", 0xffffebe32750, 0) = -1 ENOENT (No such file or directory)
6407  openat(AT_FDCWD, "/usr/lib/tls/aarch64/libnss_db.so.2", O_RDONLY|O_CLOEXEC) = -1 ENOENT (No such file or directory)
6407  newfstatat(AT_FDCWD, "/usr/lib/tls/aarch64", 0xffffebe32750, 0) = -1 ENOENT (No such file or directory)
6407  openat(AT_FDCWD, "/usr/lib/tls/atomics/libnss_db.so.2", O_RDONLY|O_CLOEXEC) = -1 ENOENT (No such file or directory)
6407  newfstatat(AT_FDCWD, "/usr/lib/tls/atomics", 0xffffebe32750, 0) = -1 ENOENT (No such file or directory)
6407  openat(AT_FDCWD, "/usr/lib/tls/libnss_db.so.2", O_RDONLY|O_CLOEXEC) = -1 ENOENT (No such file or directory)
6407  newfstatat(AT_FDCWD, "/usr/lib/tls", 0xffffebe32750, 0) = -1 ENOENT (No such file or directory)
6407  openat(AT_FDCWD, "/usr/lib/aarch64/atomics/libnss_db.so.2", O_RDONLY|O_CLOEXEC) = -1 ENOENT (No such file or directory)
6407  newfstatat(AT_FDCWD, "/usr/lib/aarch64/atomics", 0xffffebe32750, 0) = -1 ENOENT (No such file or directory)
6407  openat(AT_FDCWD, "/usr/lib/aarch64/libnss_db.so.2", O_RDONLY|O_CLOEXEC) = -1 ENOENT (No such file or directory)
6407  newfstatat(AT_FDCWD, "/usr/lib/aarch64", 0xffffebe32750, 0) = -1 ENOENT (No such file or directory)
6407  openat(AT_FDCWD, "/usr/lib/atomics/libnss_db.so.2", O_RDONLY|O_CLOEXEC) = -1 ENOENT (No such file or directory)
6407  newfstatat(AT_FDCWD, "/usr/lib/atomics", 0xffffebe32750, 0) = -1 ENOENT (No such file or directory)
6407  openat(AT_FDCWD, "/usr/lib/libnss_db.so.2", O_RDONLY|O_CLOEXEC) = -1 ENOENT (No such file or directory)
6407  newfstatat(AT_FDCWD, "/usr/lib", {st_mode=S_IFDIR|0755, st_size=12288, ...}, 0) = 0
6407  munmap(0xffff93cb5000, 252256)    = 0
6407  openat(AT_FDCWD, "/home/n1k/catkin_ws/devel/lib/libnss_files.so.2", O_RDONLY|O_CLOEXEC) = -1 ENOENT (No such file or directory)
6407  openat(AT_FDCWD, "/opt/ros/noetic/lib/libnss_files.so.2", O_RDONLY|O_CLOEXEC) = -1 ENOENT (No such file or directory)
6407  openat(AT_FDCWD, "/usr/lib/aarch64-linux-gnu/gazebo-11/plugins/libnss_files.so.2", O_RDONLY|O_CLOEXEC) = -1 ENOENT (No such file or directory)
6407  openat(AT_FDCWD, "tls/aarch64/atomics/libnss_files.so.2", O_RDONLY|O_CLOEXEC) = -1 ENOENT (No such file or directory)
6407  openat(AT_FDCWD, "tls/aarch64/libnss_files.so.2", O_RDONLY|O_CLOEXEC) = -1 ENOENT (No such file or directory)
6407  openat(AT_FDCWD, "tls/atomics/libnss_files.so.2", O_RDONLY|O_CLOEXEC) = -1 ENOENT (No such file or directory)
6407  openat(AT_FDCWD, "tls/libnss_files.so.2", O_RDONLY|O_CLOEXEC) = -1 ENOENT (No such file or directory)
6407  openat(AT_FDCWD, "aarch64/atomics/libnss_files.so.2", O_RDONLY|O_CLOEXEC) = -1 ENOENT (No such file or directory)
6407  openat(AT_FDCWD, "aarch64/libnss_files.so.2", O_RDONLY|O_CLOEXEC) = -1 ENOENT (No such file or directory)
6407  openat(AT_FDCWD, "atomics/libnss_files.so.2", O_RDONLY|O_CLOEXEC) = -1 ENOENT (No such file or directory)
6407  openat(AT_FDCWD, "libnss_files.so.2", O_RDONLY|O_CLOEXEC) = -1 ENOENT (No such file or directory)
6407  openat(AT_FDCWD, "/etc/ld.so.cache", O_RDONLY|O_CLOEXEC) = 3
6407  fstat(3, {st_mode=S_IFREG|0644, st_size=252256, ...}) = 0
6407  mmap(NULL, 252256, PROT_READ, MAP_PRIVATE, 3, 0) = 0xffff93cb5000
6407  close(3)                          = 0
6407  openat(AT_FDCWD, "/lib/aarch64-linux-gnu/libnss_files.so.2", O_RDONLY|O_CLOEXEC) = 3
6407  read(3, "\177ELF\2\1\1\0\0\0\0\0\0\0\0\0\3\0\267\0\1\0\0\0P$\0\0\0\0\0\0"..., 832) = 832
6407  fstat(3, {st_mode=S_IFREG|0644, st_size=51640, ...}) = 0
6407  mmap(NULL, 140616, PROT_READ|PROT_EXEC, MAP_PRIVATE|MAP_DENYWRITE, 3, 0) = 0xffff93390000
6407  mprotect(0xffff9339b000, 65536, PROT_NONE) = 0
6407  mmap(0xffff933ab000, 8192, PROT_READ|PROT_WRITE, MAP_PRIVATE|MAP_FIXED|MAP_DENYWRITE, 3, 0xb000) = 0xffff933ab000
6407  mmap(0xffff933ad000, 21832, PROT_READ|PROT_WRITE, MAP_PRIVATE|MAP_FIXED|MAP_ANONYMOUS, -1, 0) = 0xffff933ad000
6407  close(3)                          = 0
6407  mprotect(0xffff933ab000, 4096, PROT_READ) = 0
6407  munmap(0xffff93cb5000, 252256)    = 0
6407  openat(AT_FDCWD, "/etc/protocols", O_RDONLY|O_CLOEXEC) = 3
6407  lseek(3, 0, SEEK_CUR)             = 0
6407  fstat(3, {st_mode=S_IFREG|0644, st_size=2932, ...}) = 0
6407  read(3, "# Internet (IP) protocols\n#\n# Up"..., 4096) = 2932
6407  lseek(3, 0, SEEK_CUR)             = 2932
6407  read(3, "", 4096)                 = 0
6407  close(3)                          = 0
6407  eventfd2(0, EFD_CLOEXEC)          = 3
6407  fcntl(3, F_GETFL)                 = 0x2 (flags O_RDWR)
6407  fcntl(3, F_SETFL, O_RDWR|O_NONBLOCK) = 0
6407  fcntl(3, F_GETFL)                 = 0x802 (flags O_RDWR|O_NONBLOCK)
6407  fcntl(3, F_SETFL, O_RDWR|O_NONBLOCK) = 0
6407  getrandom("\xec\x69\xae\x1b\x72\x53\xe7\xc2\xd6\xf7\x21\x80\xfa\x50\xd1\x55", 16, 0) = 16
6407  getrandom("\x2e\x1c\x23\x95\x0b\xe6\x98\x0f\x1e\xb6\x89\x5e\x20\xba\x52\x26", 16, 0) = 16
6407  eventfd2(0, EFD_CLOEXEC)          = 4
6407  fcntl(4, F_GETFL)                 = 0x2 (flags O_RDWR)
6407  fcntl(4, F_SETFL, O_RDWR|O_NONBLOCK) = 0
6407  fcntl(4, F_GETFL)                 = 0x802 (flags O_RDWR|O_NONBLOCK)
6407  fcntl(4, F_SETFL, O_RDWR|O_NONBLOCK) = 0
6407  epoll_create1(EPOLL_CLOEXEC)      = 5
6407  epoll_ctl(5, EPOLL_CTL_ADD, 4, {0, {u32=3372180304, u64=187650493342544}}) = 0
6407  epoll_ctl(5, EPOLL_CTL_MOD, 4, {EPOLLIN, {u32=3372180304, u64=187650493342544}}) = 0
6407  mmap(NULL, 8392704, PROT_NONE, MAP_PRIVATE|MAP_ANONYMOUS|MAP_STACK, -1, 0) = 0xffff92b8f000
6407  mprotect(0xffff92b90000, 8388608, PROT_READ|PROT_WRITE) = 0
6407  clone(child_stack=0xffff9338e860, flags=CLONE_VM|CLONE_FS|CLONE_FILES|CLONE_SIGHAND|CLONE_THREAD|CLONE_SYSVSEM|CLONE_SETTLS|CLONE_PARENT_SETTID|CLONE_CHILD_CLEARTID, parent_tid=[6408], tls=0xffff9338f660, child_tidptr=0xffff9338f030) = 6408
6408  set_robust_list(0xffff9338f040, 24 <unfinished ...>
6407  eventfd2(0, EFD_CLOEXEC <unfinished ...>
6408  <... set_robust_list resumed>)    = 0
6407  <... eventfd2 resumed>)           = 6
6408  rt_sigprocmask(SIG_BLOCK, ~[RTMIN RT_1],  <unfinished ...>
6407  fcntl(6, F_GETFL <unfinished ...>
6408  <... rt_sigprocmask resumed>NULL, 8) = 0
6407  <... fcntl resumed>)              = 0x2 (flags O_RDWR)
6408  sched_getparam(6408,  <unfinished ...>
6407  fcntl(6, F_SETFL, O_RDWR|O_NONBLOCK <unfinished ...>
6408  <... sched_getparam resumed>[0])  = 0
6407  <... fcntl resumed>)              = 0
6408  sched_getscheduler(6408 <unfinished ...>
6407  fcntl(6, F_GETFL <unfinished ...>
6408  <... sched_getscheduler resumed>) = 0 (SCHED_OTHER)
6407  <... fcntl resumed>)              = 0x802 (flags O_RDWR|O_NONBLOCK)
6408  sched_setscheduler(6408, SCHED_OTHER, [0] <unfinished ...>
6407  fcntl(6, F_SETFL, O_RDWR|O_NONBLOCK <unfinished ...>
6408  <... sched_setscheduler resumed>) = 0
6407  <... fcntl resumed>)              = 0
6408  prctl(PR_SET_NAME, "ZMQbg/Reaper" <unfinished ...>
6407  epoll_create1(EPOLL_CLOEXEC <unfinished ...>
6408  <... prctl resumed>)              = 0
6407  <... epoll_create1 resumed>)      = 7
6408  epoll_pwait(5,  <unfinished ...>
6407  epoll_ctl(7, EPOLL_CTL_ADD, 6, {0, {u32=3372180352, u64=187650493342592}}) = 0
6407  epoll_ctl(7, EPOLL_CTL_MOD, 6, {EPOLLIN, {u32=3372180352, u64=187650493342592}}) = 0
6407  mmap(NULL, 8392704, PROT_NONE, MAP_PRIVATE|MAP_ANONYMOUS|MAP_STACK, -1, 0) = 0xffff9238e000
6407  mprotect(0xffff9238f000, 8388608, PROT_READ|PROT_WRITE) = 0
6407  clone(child_stack=0xffff92b8d860, flags=CLONE_VM|CLONE_FS|CLONE_FILES|CLONE_SIGHAND|CLONE_THREAD|CLONE_SYSVSEM|CLONE_SETTLS|CLONE_PARENT_SETTID|CLONE_CHILD_CLEARTID, parent_tid=[6409], tls=0xffff92b8e660, child_tidptr=0xffff92b8e030) = 6409
6409  set_robust_list(0xffff92b8e040, 24) = 0
6407  eventfd2(0, EFD_CLOEXEC)          = 8
6409  rt_sigprocmask(SIG_BLOCK, ~[RTMIN RT_1],  <unfinished ...>
6407  fcntl(8, F_GETFL <unfinished ...>
6409  <... rt_sigprocmask resumed>NULL, 8) = 0
6407  <... fcntl resumed>)              = 0x2 (flags O_RDWR)
6409  sched_getparam(6409,  <unfinished ...>
6407  fcntl(8, F_SETFL, O_RDWR|O_NONBLOCK <unfinished ...>
6409  <... sched_getparam resumed>[0])  = 0
6407  <... fcntl resumed>)              = 0
6409  sched_getscheduler(6409 <unfinished ...>
6407  fcntl(8, F_GETFL <unfinished ...>
6409  <... sched_getscheduler resumed>) = 0 (SCHED_OTHER)
6407  <... fcntl resumed>)              = 0x802 (flags O_RDWR|O_NONBLOCK)
6409  sched_setscheduler(6409, SCHED_OTHER, [0] <unfinished ...>
6407  fcntl(8, F_SETFL, O_RDWR|O_NONBLOCK <unfinished ...>
6409  <... sched_setscheduler resumed>) = 0
6407  <... fcntl resumed>)              = 0
6409  prctl(PR_SET_NAME, "ZMQbg/IO/0" <unfinished ...>
6407  ppoll([{fd=8, events=POLLIN}], 1, {tv_sec=0, tv_nsec=0}, NULL, 0 <unfinished ...>
6409  <... prctl resumed>)              = 0
6407  <... ppoll resumed>)              = 0 (Timeout)
6409  epoll_pwait(7,  <unfinished ...>
6407  brk(0xaaaac9025000)               = 0xaaaac9025000
6407  write(6, "\1\0\0\0\0\0\0\0", 8)   = 8
6407  write(8, "\1\0\0\0\0\0\0\0", 8 <unfinished ...>
6409  <... epoll_pwait resumed>[{EPOLLIN, {u32=3372180352, u64=187650493342592}}], 256, -1, NULL, 8) = 1
6407  <... write resumed>)              = 8
6409  ppoll([{fd=6, events=POLLIN}], 1, {tv_sec=0, tv_nsec=0}, NULL, 0 <unfinished ...>
6407  fstat(1,  <unfinished ...>
6409  <... ppoll resumed>)              = 1 ([{fd=6, revents=POLLIN}], left {tv_sec=0, tv_nsec=0})
6407  <... fstat resumed>{st_mode=S_IFCHR|0620, st_rdev=makedev(0x88, 0x5), ...}) = 0
6409  read(6,  <unfinished ...>
6407  write(1, "\320\222\320\262\320\265\320\264\320\270\321\202\320\265 \320\270\320\274\321\217 \320\270\320\263\321\200\320\276\320\272"..., 36 <unfinished ...>
6409  <... read resumed>"\1\0\0\0\0\0\0\0", 8) = 8
6407  <... write resumed>)              = 36
6407  fstat(0,  <unfinished ...>
6409  mmap(NULL, 134217728, PROT_NONE, MAP_PRIVATE|MAP_ANONYMOUS|MAP_NORESERVE, -1, 0 <unfinished ...>
6407  <... fstat resumed>{st_mode=S_IFCHR|0620, st_rdev=makedev(0x88, 0x5), ...}) = 0
6409  <... mmap resumed>)               = 0xffff8a38e000
6407  read(0,  <unfinished ...>
6409  munmap(0xffff8a38e000, 29827072)  = 0
6409  munmap(0xffff90000000, 37281792)  = 0
6409  mprotect(0xffff8c000000, 135168, PROT_READ|PROT_WRITE) = 0
6409  newfstatat(AT_FDCWD, "/etc/resolv.conf", {st_mode=S_IFREG|0644, st_size=717, ...}, 0) = 0
6409  openat(AT_FDCWD, "/etc/host.conf", O_RDONLY|O_CLOEXEC) = 9
6409  fstat(9, {st_mode=S_IFREG|0644, st_size=92, ...}) = 0
6409  read(9, "# The \"order\" line is only used "..., 4096) = 92
6409  read(9, "", 4096)                 = 0
6409  close(9)                          = 0
6409  futex(0xffff93a03260, FUTEX_WAKE_PRIVATE, 2147483647) = 0
6409  openat(AT_FDCWD, "/etc/resolv.conf", O_RDONLY|O_CLOEXEC) = 9
6409  fstat(9, {st_mode=S_IFREG|0644, st_size=717, ...}) = 0
6409  read(9, "# This file is managed by man:sy"..., 4096) = 717
6409  read(9, "", 4096)                 = 0
6409  close(9)                          = 0
6409  uname({sysname="Linux", nodename="n1k-vim", ...}) = 0
6409  socket(AF_UNIX, SOCK_STREAM|SOCK_CLOEXEC|SOCK_NONBLOCK, 0) = 9
6409  connect(9, {sa_family=AF_UNIX, sun_path="/var/run/nscd/socket"}, 110) = -1 ENOENT (No such file or directory)
6409  close(9)                          = 0
6409  socket(AF_UNIX, SOCK_STREAM|SOCK_CLOEXEC|SOCK_NONBLOCK, 0) = 9
6409  connect(9, {sa_family=AF_UNIX, sun_path="/var/run/nscd/socket"}, 110) = -1 ENOENT (No such file or directory)
6409  close(9)                          = 0
6409  openat(AT_FDCWD, "/etc/hosts", O_RDONLY|O_CLOEXEC) = 9
6409  lseek(9, 0, SEEK_CUR)             = 0
6409  fstat(9, {st_mode=S_IFREG|0644, st_size=222, ...}) = 0
6409  read(9, "127.0.0.1\tlocalhost\n127.0.1.1\tn1"..., 4096) = 222
6409  lseek(9, 0, SEEK_CUR)             = 222
6409  read(9, "", 4096)                 = 0
6409  close(9)                          = 0
6409  socket(AF_INET, SOCK_STREAM|SOCK_CLOEXEC, IPPROTO_TCP) = 9
6409  fcntl(9, F_GETFL)                 = 0x2 (flags O_RDWR)
6409  fcntl(9, F_SETFL, O_RDWR|O_NONBLOCK) = 0
6409  connect(9, {sa_family=AF_INET, sin_port=htons(5555), sin_addr=inet_addr("127.0.0.1")}, 16) = -1 EINPROGRESS (Operation now in progress)
6409  epoll_ctl(7, EPOLL_CTL_ADD, 9, {0, {u32=2348816048, u64=281473030559408}}) = 0
6409  epoll_ctl(7, EPOLL_CTL_MOD, 9, {EPOLLOUT, {u32=2348816048, u64=281473030559408}}) = 0
6409  ppoll([{fd=6, events=POLLIN}], 1, {tv_sec=0, tv_nsec=0}, NULL, 0) = 0 (Timeout)
6409  epoll_pwait(7, [{EPOLLOUT, {u32=2348816048, u64=281473030559408}}], 256, -1, NULL, 8) = 1
6409  epoll_ctl(7, EPOLL_CTL_DEL, 9, 0xffff8c0016b8) = 0
6409  getsockopt(9, SOL_SOCKET, SO_ERROR, [0], [4]) = 0
6409  setsockopt(9, SOL_TCP, TCP_NODELAY, [1], 4) = 0
6409  getsockname(9, {sa_family=AF_INET, sin_port=htons(46786), sin_addr=inet_addr("127.0.0.1")}, [128->16]) = 0
6409  getpeername(9, {sa_family=AF_INET, sin_port=htons(5555), sin_addr=inet_addr("127.0.0.1")}, [128->16]) = 0
6409  fcntl(9, F_GETFL)                 = 0x802 (flags O_RDWR|O_NONBLOCK)
6409  fcntl(9, F_SETFL, O_RDWR|O_NONBLOCK) = 0
6409  write(6, "\1\0\0\0\0\0\0\0", 8)   = 8
6409  epoll_pwait(7, [{EPOLLIN, {u32=3372180352, u64=187650493342592}}], 256, -1, NULL, 8) = 1
6409  ppoll([{fd=6, events=POLLIN}], 1, {tv_sec=0, tv_nsec=0}, NULL, 0) = 1 ([{fd=6, revents=POLLIN}], left {tv_sec=0, tv_nsec=0})
6409  read(6, "\1\0\0\0\0\0\0\0", 8)    = 8
6409  epoll_ctl(7, EPOLL_CTL_ADD, 9, {0, {u32=2348816048, u64=281473030559408}}) = 0
6409  epoll_ctl(7, EPOLL_CTL_MOD, 9, {EPOLLIN, {u32=2348816048, u64=281473030559408}}) = 0
6409  epoll_ctl(7, EPOLL_CTL_MOD, 9, {EPOLLIN|EPOLLOUT, {u32=2348816048, u64=281473030559408}}) = 0
6409  recvfrom(9, "\377\0\0\0\0\0\0\0\1\177", 12, 0, NULL, NULL) = 10
6409  recvfrom(9, 0xffff8c0018aa, 2, 0, NULL, NULL) = -1 EAGAIN (Resource temporarily unavailable)
6409  ppoll([{fd=6, events=POLLIN}], 1, {tv_sec=0, tv_nsec=0}, NULL, 0) = 0 (Timeout)
6409  epoll_pwait(7, [{EPOLLOUT, {u32=2348816048, u64=281473030559408}}], 256, 29999, NULL, 8) = 1
6409  sendto(9, "\377\0\0\0\0\0\0\0\1\177\3", 11, 0, NULL, 0) = 11
6409  epoll_ctl(7, EPOLL_CTL_MOD, 9, {EPOLLIN, {u32=2348816048, u64=281473030559408}}) = 0
6409  epoll_pwait(7, [{EPOLLIN, {u32=2348816048, u64=281473030559408}}], 256, 29999, NULL, 8) = 1
6409  recvfrom(9, "\3\0", 2, 0, NULL, NULL) = 2
6409  epoll_ctl(7, EPOLL_CTL_MOD, 9, {EPOLLIN|EPOLLOUT, {u32=2348816048, u64=281473030559408}}) = 0
6409  recvfrom(9, "NULL\0\0\0\0\0\0\0\0\0\0\0\0\0\0\0\0\0\0\0\0\0\0\0\0\0\0\0\0"..., 52, 0, NULL, NULL) = 52
6409  recvfrom(9, 0xffff8c004638, 8192, 0, NULL, NULL) = -1 EAGAIN (Resource temporarily unavailable)
6409  epoll_pwait(7, [{EPOLLOUT, {u32=2348816048, u64=281473030559408}}], 256, -1, NULL, 8) = 1
6409  sendto(9, "\0NULL\0\0\0\0\0\0\0\0\0\0\0\0\0\0\0\0\0\0\0\0\0\0\0\0\0\0\0"..., 53, 0, NULL, 0) = 53
6409  epoll_pwait(7, [{EPOLLOUT, {u32=2348816048, u64=281473030559408}}], 256, -1, NULL, 8) = 1
6409  sendto(9, "\4&\5READY\vSocket-Type\0\0\0\3REQ\10Iden"..., 40, 0, NULL, 0) = 40
6409  epoll_pwait(7, [{EPOLLOUT, {u32=2348816048, u64=281473030559408}}], 256, -1, NULL, 8) = 1
6409  epoll_ctl(7, EPOLL_CTL_MOD, 9, {EPOLLIN, {u32=2348816048, u64=281473030559408}}) = 0
6409  epoll_pwait(7, [{EPOLLIN, {u32=2348816048, u64=281473030559408}}], 256, -1, NULL, 8) = 1
6409  recvfrom(9, "\4\31\5READY\vSocket-Type\0\0\0\3REP", 8192, 0, NULL, NULL) = 27
6409  epoll_ctl(7, EPOLL_CTL_MOD, 9, {EPOLLIN|EPOLLOUT, {u32=2348816048, u64=281473030559408}}) = 0
6409  epoll_ctl(7, EPOLL_CTL_MOD, 9, {EPOLLIN, {u32=2348816048, u64=281473030559408}}) = 0
6409  epoll_pwait(7,  <unfinished ...>
6407  <... read resumed>"Bob\n", 1024)  = 4
6407  write(1, "\n1. \320\241\320\276\320\267\320\264\320\260\321\202\321\214 \320\270\320\263\321\200\321\203\n2. \320"..., 135) = 135
6407  write(1, "> ", 2)                 = 2
6407  read(0, "1\n", 1024)              = 2
6407  write(1, "\320\230\320\274\321\217 \320\270\320\263\321\200\321\213: ", 17) = 17
6407  read(0, "game2\n", 1024)          = 6
6407  write(1, "\320\232\320\276\320\273\320\270\321\207\320\265\321\201\321\202\320\262\320\276 \320\270\320\263\321\200\320\276\320\272\320"..., 37) = 37
6407  read(0, "2\n", 1024)              = 2
6407  ppoll([{fd=8, events=POLLIN}], 1, {tv_sec=0, tv_nsec=0}, NULL, 0) = 1 ([{fd=8, revents=POLLIN}], left {tv_sec=0, tv_nsec=0})
6407  read(8, "\1\0\0\0\0\0\0\0", 8)    = 8
6407  ppoll([{fd=8, events=POLLIN}], 1, {tv_sec=0, tv_nsec=0}, NULL, 0) = 0 (Timeout)
6407  write(6, "\1\0\0\0\0\0\0\0", 8)   = 8
6407  ppoll([{fd=8, events=POLLIN}], 1, NULL, NULL, 0 <unfinished ...>
6409  <... epoll_pwait resumed>[{EPOLLIN, {u32=3372180352, u64=187650493342592}}], 256, -1, NULL, 8) = 1
6409  ppoll([{fd=6, events=POLLIN}], 1, {tv_sec=0, tv_nsec=0}, NULL, 0) = 1 ([{fd=6, revents=POLLIN}], left {tv_sec=0, tv_nsec=0})
6409  read(6, "\1\0\0\0\0\0\0\0", 8)    = 8
6409  epoll_ctl(7, EPOLL_CTL_MOD, 9, {EPOLLIN|EPOLLOUT, {u32=2348816048, u64=281473030559408}}) = 0
6409  write(8, "\1\0\0\0\0\0\0\0", 8 <unfinished ...>
6407  <... ppoll resumed>)              = 1 ([{fd=8, revents=POLLIN}])
6409  <... write resumed>)              = 8
6407  read(8,  <unfinished ...>
6409  sendto(9, "\1\0\0\22CREATE Bob game2 2", 22, 0, NULL, 0 <unfinished ...>
6407  <... read resumed>"\1\0\0\0\0\0\0\0", 8) = 8
6407  ppoll([{fd=8, events=POLLIN}], 1, {tv_sec=0, tv_nsec=0}, NULL, 0) = 0 (Timeout)
6409  <... sendto resumed>)             = 22
6407  ppoll([{fd=8, events=POLLIN}], 1, NULL, NULL, 0 <unfinished ...>
6409  ppoll([{fd=6, events=POLLIN}], 1, {tv_sec=0, tv_nsec=0}, NULL, 0) = 0 (Timeout)
6409  epoll_pwait(7, [{EPOLLOUT, {u32=2348816048, u64=281473030559408}}], 256, -1, NULL, 8) = 1
6409  epoll_ctl(7, EPOLL_CTL_MOD, 9, {EPOLLIN, {u32=2348816048, u64=281473030559408}}) = 0
6409  epoll_pwait(7, [{EPOLLIN, {u32=2348816048, u64=281473030559408}}], 256, -1, NULL, 8) = 1
6409  recvfrom(9, "\1\0\0\27\320\230\320\263\321\200\320\260 \321\201\320\276\320\267\320\264\320\260\320\275\320\260", 8192, 0, NULL, NULL) = 27
6409  write(8, "\1\0\0\0\0\0\0\0", 8)   = 8
6407  <... ppoll resumed>)              = 1 ([{fd=8, revents=POLLIN}])
6407  read(8,  <unfinished ...>
6409  epoll_pwait(7,  <unfinished ...>
6407  <... read resumed>"\1\0\0\0\0\0\0\0", 8) = 8
6407  ppoll([{fd=8, events=POLLIN}], 1, {tv_sec=0, tv_nsec=0}, NULL, 0) = 0 (Timeout)
6407  write(6, "\1\0\0\0\0\0\0\0", 8)   = 8
6409  <... epoll_pwait resumed>[{EPOLLIN, {u32=3372180352, u64=187650493342592}}], 256, -1, NULL, 8) = 1
6407  write(1, "\320\236\321\202\320\262\320\265\321\202 \321\201\320\265\321\200\320\262\320\265\321\200\320\260: \320\230\320\263\321"..., 51 <unfinished ...>
6409  ppoll([{fd=6, events=POLLIN}], 1, {tv_sec=0, tv_nsec=0}, NULL, 0 <unfinished ...>
6407  <... write resumed>)              = 51
6409  <... ppoll resumed>)              = 1 ([{fd=6, revents=POLLIN}], left {tv_sec=0, tv_nsec=0})
6407  write(1, "\n1. \320\241\320\276\320\267\320\264\320\260\321\202\321\214 \320\270\320\263\321\200\321\203\n2. \320"..., 135 <unfinished ...>
6409  read(6,  <unfinished ...>
6407  <... write resumed>)              = 135
6409  <... read resumed>"\1\0\0\0\0\0\0\0", 8) = 8
6407  write(1, "> ", 2 <unfinished ...>
6409  ppoll([{fd=6, events=POLLIN}], 1, {tv_sec=0, tv_nsec=0}, NULL, 0 <unfinished ...>
6407  <... write resumed>)              = 2
6409  <... ppoll resumed>)              = 0 (Timeout)
6407  read(0,  <unfinished ...>
6409  epoll_pwait(7,  <unfinished ...>
6407  <... read resumed>"5\n", 1024)    = 2
6407  ppoll([{fd=8, events=POLLIN}], 1, {tv_sec=0, tv_nsec=0}, NULL, 0) = 0 (Timeout)
6407  write(6, "\1\0\0\0\0\0\0\0", 8)   = 8
6409  <... epoll_pwait resumed>[{EPOLLIN, {u32=3372180352, u64=187650493342592}}], 256, -1, NULL, 8) = 1
6407  ppoll([{fd=8, events=POLLIN}], 1, NULL, NULL, 0 <unfinished ...>
6409  ppoll([{fd=6, events=POLLIN}], 1, {tv_sec=0, tv_nsec=0}, NULL, 0) = 1 ([{fd=6, revents=POLLIN}], left {tv_sec=0, tv_nsec=0})
6409  read(6, "\1\0\0\0\0\0\0\0", 8)    = 8
6409  epoll_ctl(7, EPOLL_CTL_MOD, 9, {EPOLLIN|EPOLLOUT, {u32=2348816048, u64=281473030559408}}) = 0
6409  sendto(9, "\1\0\0\tLEAVE Bob", 13, 0, NULL, 0) = 13
6409  ppoll([{fd=6, events=POLLIN}], 1, {tv_sec=0, tv_nsec=0}, NULL, 0) = 0 (Timeout)
6409  epoll_pwait(7, [{EPOLLOUT, {u32=2348816048, u64=281473030559408}}], 256, -1, NULL, 8) = 1
6409  epoll_ctl(7, EPOLL_CTL_MOD, 9, {EPOLLIN, {u32=2348816048, u64=281473030559408}}) = 0
6409  epoll_pwait(7, [{EPOLLIN, { <unfinished ...>
6327  <... read resumed>"4\n", 1024)    = 2
6327  write(1, "\320\222\320\260\321\210\320\265 \321\207\320\270\321\201\320\273\320\276: ", 21) = 21
6327  read(0, "8295\n", 1024)           = 5
6327  ppoll([{fd=8, events=POLLIN}], 1, {tv_sec=0, tv_nsec=0}, NULL, 0) = 0 (Timeout)
6327  write(6, "\1\0\0\0\0\0\0\0", 8)   = 8
6327  ppoll([{fd=8, events=POLLIN}], 1, NULL, NULL, 0 <unfinished ...>
6329  <... epoll_pwait resumed>[{EPOLLIN, {u32=4239504256, u64=187651360666496}}], 256, -1, NULL, 8) = 1
6329  ppoll([{fd=6, events=POLLIN}], 1, {tv_sec=0, tv_nsec=0}, NULL, 0) = 1 ([{fd=6, revents=POLLIN}], left {tv_sec=0, tv_nsec=0})
6329  read(6, "\1\0\0\0\0\0\0\0", 8)    = 8
6329  epoll_ctl(7, EPOLL_CTL_MOD, 9, {EPOLLIN|EPOLLOUT, {u32=2885686960, u64=281473567430320}}) = 0
6329  sendto(9, "\1\0\0\17MOVE Alice 8295", 19, 0, NULL, 0) = 19
6329  ppoll([{fd=6, events=POLLIN}], 1, {tv_sec=0, tv_nsec=0}, NULL, 0) = 0 (Timeout)
6329  epoll_pwait(7, [{EPOLLOUT, {u32=2885686960, u64=281473567430320}}], 256, -1, NULL, 8) = 1
6329  epoll_ctl(7, EPOLL_CTL_MOD, 9, {EPOLLIN, {u32=2885686960, u64=281473567430320}}) = 0
6329  epoll_pwait(7, [{EPOLLIN, {u32=2885686960, u64=281473567430320}}], 256, -1, NULL, 8) = 1
6329  recvfrom(9, "\1\0\0,\320\237\320\276\320\261\320\265\320\264\320\260! \320\222\321\213 \320\262\321\213\320\270\320\263\321"..., 8192, 0, NULL, NULL) = 48
6329  write(8, "\1\0\0\0\0\0\0\0", 8)   = 8
6327  <... ppoll resumed>)              = 1 ([{fd=8, revents=POLLIN}])
6329  epoll_pwait(7,  <unfinished ...>
6327  read(8, "\1\0\0\0\0\0\0\0", 8)    = 8
6327  ppoll([{fd=8, events=POLLIN}], 1, {tv_sec=0, tv_nsec=0}, NULL, 0) = 0 (Timeout)
6327  write(1, "\320\236\321\202\320\262\320\265\321\202 \321\201\320\265\321\200\320\262\320\265\321\200\320\260: \320\237\320\276\320"..., 72) = 72
6327  write(1, "\n1. \320\241\320\276\320\267\320\264\320\260\321\202\321\214 \320\270\320\263\321\200\321\203\n2. \320"..., 135) = 135
6327  write(1, "> ", 2)                 = 2
6327  read(0, "\n", 1024)               = 1
6327  read(0, "3\n", 1024)              = 2
6327  ppoll([{fd=8, events=POLLIN}], 1, {tv_sec=0, tv_nsec=0}, NULL, 0) = 0 (Timeout)
6327  write(6, "\1\0\0\0\0\0\0\0", 8)   = 8
6329  <... epoll_pwait resumed>[{EPOLLIN, {u32=4239504256, u64=187651360666496}}], 256, -1, NULL, 8) = 1
6327  ppoll([{fd=8, events=POLLIN}], 1, NULL, NULL, 0 <unfinished ...>
6329  ppoll([{fd=6, events=POLLIN}], 1, {tv_sec=0, tv_nsec=0}, NULL, 0) = 1 ([{fd=6, revents=POLLIN}], left {tv_sec=0, tv_nsec=0})
6329  read(6, "\1\0\0\0\0\0\0\0", 8)    = 8
6329  epoll_ctl(7, EPOLL_CTL_MOD, 9, {EPOLLIN|EPOLLOUT, {u32=2885686960, u64=281473567430320}}) = 0
6329  sendto(9, "\1\0\0\nFIND Alice", 14, 0, NULL, 0) = 14
6329  ppoll([{fd=6, events=POLLIN}], 1, {tv_sec=0, tv_nsec=0}, NULL, 0) = 0 (Timeout)
6329  epoll_pwait(7, [{EPOLLOUT, {u32=2885686960, u64=281473567430320}}], 256, -1, NULL, 8) = 1
6329  epoll_ctl(7, EPOLL_CTL_MOD, 9, {EPOLLIN, {u32=2885686960, u64=281473567430320}}) = 0
6329  epoll_pwait(7, [{EPOLLIN, {u32=2885686960, u64=281473567430320}}], 256, -1, NULL, 8) = 1
6329  recvfrom(9, "\1\0\0 \320\241\320\262\320\276\320\261\320\276\320\264\320\275\321\213\321\205 \320\270\320\263\321\200 \320\275"..., 8192, 0, NULL, NULL) = 36
6329  write(8, "\1\0\0\0\0\0\0\0", 8)   = 8
6327  <... ppoll resumed>)              = 1 ([{fd=8, revents=POLLIN}])
6329  epoll_pwait(7,  <unfinished ...>
6327  read(8, "\1\0\0\0\0\0\0\0", 8)    = 8
6327  ppoll([{fd=8, events=POLLIN}], 1, {tv_sec=0, tv_nsec=0}, NULL, 0) = 0 (Timeout)
6327  write(1, "\320\236\321\202\320\262\320\265\321\202 \321\201\320\265\321\200\320\262\320\265\321\200\320\260: \320\241\320\262\320"..., 60) = 60
6327  write(1, "\n1. \320\241\320\276\320\267\320\264\320\260\321\202\321\214 \320\270\320\263\321\200\321\203\n2. \320"..., 135) = 135
6327  write(1, "> ", 2)                 = 2
6327  read(0, "0\n", 1024)              = 2
6327  write(4, "\1\0\0\0\0\0\0\0", 8)   = 8
6328  <... epoll_pwait resumed>[{EPOLLIN, {u32=4239504208, u64=187651360666448}}], 256, -1, NULL, 8) = 1
6327  write(8, "\1\0\0\0\0\0\0\0", 8 <unfinished ...>
6328  ppoll([{fd=4, events=POLLIN}], 1, {tv_sec=0, tv_nsec=0}, NULL, 0 <unfinished ...>
6327  <... write resumed>)              = 8
6328  <... ppoll resumed>)              = 1 ([{fd=4, revents=POLLIN}], left {tv_sec=0, tv_nsec=0})
6328  read(4,  <unfinished ...>
6327  ppoll([{fd=3, events=POLLIN}], 1, NULL, NULL, 0 <unfinished ...>
6328  <... read resumed>"\1\0\0\0\0\0\0\0", 8) = 8
6328  mmap(NULL, 134217728, PROT_NONE, MAP_PRIVATE|MAP_ANONYMOUS|MAP_NORESERVE, -1, 0) = 0xffffa4000000
6328  munmap(0xffffa8000000, 67108864)  = 0
6328  mprotect(0xffffa4000000, 135168, PROT_READ|PROT_WRITE) = 0
6328  epoll_ctl(5, EPOLL_CTL_ADD, 8, {0, {u32=2751466336, u64=281473433209696}}) = 0
6328  epoll_ctl(5, EPOLL_CTL_MOD, 8, {EPOLLIN, {u32=2751466336, u64=281473433209696}}) = 0
6328  write(6, "\1\0\0\0\0\0\0\0", 8 <unfinished ...>
6329  <... epoll_pwait resumed>[{EPOLLIN, {u32=4239504256, u64=187651360666496}}], 256, -1, NULL, 8) = 1
6328  <... write resumed>)              = 8
6329  ppoll([{fd=6, events=POLLIN}], 1, {tv_sec=0, tv_nsec=0}, NULL, 0 <unfinished ...>
6328  ppoll([{fd=4, events=POLLIN}], 1, {tv_sec=0, tv_nsec=0}, NULL, 0 <unfinished ...>
6329  <... ppoll resumed>)              = 1 ([{fd=6, revents=POLLIN}], left {tv_sec=0, tv_nsec=0})
6328  <... ppoll resumed>)              = 0 (Timeout)
6329  read(6,  <unfinished ...>
6328  epoll_pwait(5,  <unfinished ...>
6329  <... read resumed>"\1\0\0\0\0\0\0\0", 8) = 8
6328  <... epoll_pwait resumed>[{EPOLLIN, {u32=2751466336, u64=281473433209696}}], 256, -1, NULL, 8) = 1
6328  ppoll([{fd=8, events=POLLIN}], 1, {tv_sec=0, tv_nsec=0}, NULL, 0 <unfinished ...>
6329  epoll_ctl(7, EPOLL_CTL_MOD, 9, {EPOLLIN|EPOLLOUT, {u32=2885686960, u64=281473567430320}} <unfinished ...>
6328  <... ppoll resumed>)              = 1 ([{fd=8, revents=POLLIN}], left {tv_sec=0, tv_nsec=0})
6329  <... epoll_ctl resumed>)          = 0
6328  read(8,  <unfinished ...>
6329  epoll_ctl(7, EPOLL_CTL_MOD, 9, {EPOLLIN, {u32=2885686960, u64=281473567430320}} <unfinished ...>
6328  <... read resumed>"\1\0\0\0\0\0\0\0", 8) = 8
6329  <... epoll_ctl resumed>)          = 0
6328  ppoll([{fd=8, events=POLLIN}], 1, {tv_sec=0, tv_nsec=0}, NULL, 0 <unfinished ...>
6329  write(8, "\1\0\0\0\0\0\0\0", 8 <unfinished ...>
6328  <... ppoll resumed>)              = 0 (Timeout)
6329  <... write resumed>)              = 8
6328  epoll_pwait(5,  <unfinished ...>
6329  epoll_ctl(7, EPOLL_CTL_DEL, 9, 0xffffac0016b8 <unfinished ...>
6328  <... epoll_pwait resumed>[{EPOLLIN, {u32=2751466336, u64=281473433209696}}], 256, -1, NULL, 8) = 1
6329  <... epoll_ctl resumed>)          = 0
6328  ppoll([{fd=8, events=POLLIN}], 1, {tv_sec=0, tv_nsec=0}, NULL, 0 <unfinished ...>
6329  close(9 <unfinished ...>
6328  <... ppoll resumed>)              = 1 ([{fd=8, revents=POLLIN}], left {tv_sec=0, tv_nsec=0})
6329  <... close resumed>)              = 0
6328  read(8,  <unfinished ...>
6329  ppoll([{fd=6, events=POLLIN}], 1, {tv_sec=0, tv_nsec=0}, NULL, 0 <unfinished ...>
6328  <... read resumed>"\1\0\0\0\0\0\0\0", 8) = 8
6329  <... ppoll resumed>)              = 0 (Timeout)
6328  ppoll([{fd=8, events=POLLIN}], 1, {tv_sec=0, tv_nsec=0}, NULL, 0 <unfinished ...>
6329  epoll_pwait(7,  <unfinished ...>
6328  <... ppoll resumed>)              = 0 (Timeout)
6328  epoll_ctl(5, EPOLL_CTL_DEL, 8, 0xffffa4000b68) = 0
6328  write(4, "\1\0\0\0\0\0\0\0", 8)   = 8
6328  close(8)                          = 0
6328  epoll_pwait(5, [{EPOLLIN, {u32=4239504208, u64=187651360666448}}], 256, -1, NULL, 8) = 1
6328  ppoll([{fd=4, events=POLLIN}], 1, {tv_sec=0, tv_nsec=0}, NULL, 0) = 1 ([{fd=4, revents=POLLIN}], left {tv_sec=0, tv_nsec=0})
6328  read(4, "\1\0\0\0\0\0\0\0", 8)    = 8
6328  write(3, "\1\0\0\0\0\0\0\0", 8 <unfinished ...>
6327  <... ppoll resumed>)              = 1 ([{fd=3, revents=POLLIN}])
6328  <... write resumed>)              = 8
6327  read(3,  <unfinished ...>
6328  epoll_ctl(5, EPOLL_CTL_DEL, 4, 0xaaaafcb1b358 <unfinished ...>
6327  <... read resumed>"\1\0\0\0\0\0\0\0", 8) = 8
6328  <... epoll_ctl resumed>)          = 0
6327  write(6, "\1\0\0\0\0\0\0\0", 8 <unfinished ...>
6328  ppoll([{fd=4, events=POLLIN}], 1, {tv_sec=0, tv_nsec=0}, NULL, 0 <unfinished ...>
6327  <... write resumed>)              = 8
6328  <... ppoll resumed>)              = 0 (Timeout)
6327  futex(0xffffb1121030, FUTEX_WAIT, 6329, NULL <unfinished ...>
6329  <... epoll_pwait resumed>[{EPOLLIN, {u32=4239504256, u64=187651360666496}}], 256, -1, NULL, 8) = 1
6329  ppoll([{fd=6, events=POLLIN}], 1, {tv_sec=0, tv_nsec=0}, NULL, 0 <unfinished ...>
6328  madvise(0xffffb1122000, 8253440, MADV_DONTNEED <unfinished ...>
6329  <... ppoll resumed>)     "5\n", 1024)              = 2
6407  ppoll([{fd=8, events=POLLIN}], 1, {tv_sec=0, tv_nsec=0}, NULL, 0) = 0 (Timeout)
6407  write(6, "\1\0\0\0\0\0\0\0", 8)   = 8
6407  ppoll([{fd=8, events=POLLIN}], 1, NULL, NULL, 0 <unfinished ...>
6409  <... epoll_pwait resumed>[{EPOLLIN, {u32=3372180352, u64=187650493342592}}], 256, -1, NULL, 8) = 1
6409  ppoll([{fd=6, events=POLLIN}], 1, {tv_sec=0, tv_nsec=0}, NULL, 0) = 1 ([{fd=6, revents=POLLIN}], left {tv_sec=0, tv_nsec=0})
6409  read(6, "\1\0\0\0\0\0\0\0", 8)    = 8
6409  epoll_ctl(7, EPOLL_CTL_MOD, 9, {EPOLLIN|EPOLLOUT, {u32=2348816048, u64=281473030559408}}) = 0
6409  sendto(9, "\1\0\0\tLEAVE Bob", 13, 0, NULL, 0) = 13
6409  ppoll([{fd=6, events=POLLIN}], 1, {tv_sec=0, tv_nsec=0}, NULL, 0) = 0 (Timeout)
6409  epoll_pwait(7, [{EPOLLOUT, {u32=2348816048, u64=281473030559408}}], 256, -1, NULL, 8) = 1
6409  epoll_ctl(7, EPOLL_CTL_MOD, 9, {EPOLLIN, {u32=2348816048, u64=281473030559408}}) = 0
6409  epoll_pwait(7, [{EPOLLIN, {u32=2348816048, u64=281473030559408}}], 256, -1, NULL, 8) = 1
6409  recvfrom(9, "\1\0\0\35\320\222\321\213 \320\262\321\213\321\210\320\273\320\270 \320\270\320\267 \320\270\320\263\321\200\321"..., 8192, 0, NULL, NULL) = 33
6409  write(8, "\1\0\0\0\0\0\0\0", 8 <unfinished ...>
6407  <... ppoll resumed>)              = 1 ([{fd=8, revents=POLLIN}])
6409  <... write resumed>)              = 8
6407  read(8,  <unfinished ...>
6409  epoll_pwait(7,  <unfinished ...>
6407  <... read resumed>"\1\0\0\0\0\0\0\0", 8) = 8
6407  ppoll([{fd=8, events=POLLIN}], 1, {tv_sec=0, tv_nsec=0}, NULL, 0) = 0 (Timeout)
6407  write(1, "\320\236\321\202\320\262\320\265\321\202 \321\201\320\265\321\200\320\262\320\265\321\200\320\260: \320\222\321\213 "..., 57) = 57
6407  write(1, "\n1. \320\241\320\276\320\267\320\264\320\260\321\202\321\214 \320\270\320\263\321\200\321\203\n2. \320"..., 135) = 135
6407  write(1, "> ", 2)                 = 2
6407  read(0, "0\n", 1024)              = 2
6407  write(4, "\1\0\0\0\0\0\0\0", 8)   = 8
6407  write(8, "\1\0\0\0\0\0\0\0", 8 <unfinished ...>
6408  <... epoll_pwait resumed>[{EPOLLIN, {u32=3372180304, u64=187650493342544}}], 256, -1, NULL, 8) = 1
6407  <... write resumed>)              = 8
6408  ppoll([{fd=4, events=POLLIN}], 1, {tv_sec=0, tv_nsec=0}, NULL, 0 <unfinished ...>
6407  ppoll([{fd=3, events=POLLIN}], 1, NULL, NULL, 0 <unfinished ...>
6408  <... ppoll resumed>)              = 1 ([{fd=4, revents=POLLIN}], left {tv_sec=0, tv_nsec=0})
6408  read(4, "\1\0\0\0\0\0\0\0", 8)    = 8
6408  mmap(NULL, 134217728, PROT_NONE, MAP_PRIVATE|MAP_ANONYMOUS|MAP_NORESERVE, -1, 0) = 0xffff84000000
6408  munmap(0xffff88000000, 67108864)  = 0
6408  mprotect(0xffff84000000, 135168, PROT_READ|PROT_WRITE) = 0
6408  epoll_ctl(5, EPOLL_CTL_ADD, 8, {0, {u32=2214595424, u64=281472896338784}}) = 0
6408  epoll_ctl(5, EPOLL_CTL_MOD, 8, {EPOLLIN, {u32=2214595424, u64=281472896338784}}) = 0
6408  write(6, "\1\0\0\0\0\0\0\0", 8 <unfinished ...>
6409  <... epoll_pwait resumed>[{EPOLLIN, {u32=3372180352, u64=187650493342592}}], 256, -1, NULL, 8) = 1
6408  <... write resumed>)              = 8
6409  ppoll([{fd=6, events=POLLIN}], 1, {tv_sec=0, tv_nsec=0}, NULL, 0 <unfinished ...>
6408  ppoll([{fd=4, events=POLLIN}], 1, {tv_sec=0, tv_nsec=0}, NULL, 0 <unfinished ...>
6409  <... ppoll resumed>)              = 1 ([{fd=6, revents=POLLIN}], left {tv_sec=0, tv_nsec=0})
6408  <... ppoll resumed>)              = 0 (Timeout)
6409  read(6,  <unfinished ...>
6408  epoll_pwait(5,  <unfinished ...>
6409  <... read resumed>"\1\0\0\0\0\0\0\0", 8) = 8
6408  <... epoll_pwait resumed>[{EPOLLIN, {u32=2214595424, u64=281472896338784}}], 256, -1, NULL, 8) = 1
6409  epoll_ctl(7, EPOLL_CTL_MOD, 9, {EPOLLIN|EPOLLOUT, {u32=2348816048, u64=281473030559408}} <unfinished ...>
6408  ppoll([{fd=8, events=POLLIN}], 1, {tv_sec=0, tv_nsec=0}, NULL, 0 <unfinished ...>
6409  <... epoll_ctl resumed>)          = 0
6408  <... ppoll resumed>)              = 1 ([{fd=8, revents=POLLIN}], left {tv_sec=0, tv_nsec=0})
6409  epoll_ctl(7, EPOLL_CTL_MOD, 9, {EPOLLIN, {u32=2348816048, u64=281473030559408}} <unfinished ...>
6408  read(8,  <unfinished ...>
6409  <... epoll_ctl resumed>)          = 0
6408  <... read resumed>"\1\0\0\0\0\0\0\0", 8) = 8
6409  ppoll([{fd=6, events=POLLIN}], 1, {tv_sec=0, tv_nsec=0}, NULL, 0 <unfinished ...>
6408  write(6, "\1\0\0\0\0\0\0\0", 8 <unfinished ...>
6409  <... ppoll resumed>)              = 0 (Timeout)
6408  <... write resumed>)              = 8
6409  epoll_pwait(7,  <unfinished ...>
6408  ppoll([{fd=8, events=POLLIN}], 1, {tv_sec=0, tv_nsec=0}, NULL, 0 <unfinished ...>
6409  <... epoll_pwait resumed>[{EPOLLIN, {u32=3372180352, u64=187650493342592}}], 256, -1, NULL, 8) = 1
6408  <... ppoll resumed>)              = 0 (Timeout)
6409  ppoll([{fd=6, events=POLLIN}], 1, {tv_sec=0, tv_nsec=0}, NULL, 0 <unfinished ...>
6408  epoll_pwait(5,  <unfinished ...>
6409  <... ppoll resumed>)              = 1 ([{fd=6, revents=POLLIN}], left {tv_sec=0, tv_nsec=0})
6409  read(6, "\1\0\0\0\0\0\0\0", 8)    = 8
6409  write(8, "\1\0\0\0\0\0\0\0", 8)   = 8
6408  <... epoll_pwait resumed>[{EPOLLIN, {u32=2214595424, u64=281472896338784}}], 256, -1, NULL, 8) = 1
6409  epoll_ctl(7, EPOLL_CTL_DEL, 9, 0xffff8c0016b8 <unfinished ...>
6408  ppoll([{fd=8, events=POLLIN}], 1, {tv_sec=0, tv_nsec=0}, NULL, 0 <unfinished ...>
6409  <... epoll_ctl resumed>)          = 0
6408  <... ppoll resumed>)              = 1 ([{fd=8, revents=POLLIN}], left {tv_sec=0, tv_nsec=0})
6409  close(9 <unfinished ...>
6408  read(8, "\1\0\0\0\0\0\0\0", 8)    = 8
6409  <... close resumed>)              = 0
6409  ppoll([{fd=6, events=POLLIN}], 1, {tv_sec=0, tv_nsec=0}, NULL, 0 <unfinished ...>
6408  ppoll([{fd=8, events=POLLIN}], 1, {tv_sec=0, tv_nsec=0}, NULL, 0 <unfinished ...>
6409  <... ppoll resumed>)              = 0 (Timeout)
6408  <... ppoll resumed>)              = 0 (Timeout)
6409  epoll_pwait(7,  <unfinished ...>
6408  epoll_ctl(5, EPOLL_CTL_DEL, 8, 0xffff84000b68) = 0
6408  write(4, "\1\0\0\0\0\0\0\0", 8)   = 8
6408  close(8)                          = 0
6408  epoll_pwait(5, [{EPOLLIN, {u32=3372180304, u64=187650493342544}}], 256, -1, NULL, 8) = 1
6408  ppoll([{fd=4, events=POLLIN}], 1, {tv_sec=0, tv_nsec=0}, NULL, 0) = 1 ([{fd=4, revents=POLLIN}], left {tv_sec=0, tv_nsec=0})
6408  read(4, "\1\0\0\0\0\0\0\0", 8)    = 8
6408  write(3, "\1\0\0\0\0\0\0\0", 8)   = 8
6407  <... ppoll resumed>)              = 1 ([{fd=3, revents=POLLIN}])
6407  read(3,  <unfinished ...>
6408  epoll_ctl(5, EPOLL_CTL_DEL, 4, 0xaaaac8ff6358 <unfinished ...>
6407  <... read resumed>"\1\0\0\0\0\0\0\0", 8) = 8
6408  <... epoll_ctl resumed>)          = 0
6408  ppoll([{fd=4, events=POLLIN}], 1, {tv_sec=0, tv_nsec=0}, NULL, 0 <unfinished ...>
6407  write(6, "\1\0\0\0\0\0\0\0", 8 <unfinished ...>
6408  <... ppoll resumed>)              = 0 (Timeout)
6407  <... write resumed>)              = 8
6409  <... epoll_pwait resumed>[{EPOLLIN, {u32=3372180352, u64=187650493342592}}], 256, -1, NULL, 8) = 1
6408  madvise(0xffff92b8f000, 8253440, MADV_DONTNEED <unfinished ...>
6407  futex(0xffff92b8e030, FUTEX_WAIT, 6409, NULL <unfinished ...>
6409  ppoll([{fd=6, events=POLLIN}], 1, {tv_sec=0, tv_nsec=0}, NULL, 0 <unfinished ...>
6408  <... madvise resumed>)            = 0
6409  <... ppoll resumed>)              = 1 ([{fd=6, revents=POLLIN}], left {tv_sec=0, tv_nsec=0})
6408  exit(0 <unfinished ...>
6409  read(6,  <unfinished ...>
6408  <... exit resumed>)               = ?
6409  <... read resumed>"\1\0\0\0\0\0\0\0", 8) = 8
6408  +++ exited with 0 +++
6409  epoll_ctl(7, EPOLL_CTL_DEL, 6, 0xaaaac8ff6388) = 0
6409  ppoll([{fd=6, events=POLLIN}], 1, {tv_sec=0, tv_nsec=0}, NULL, 0) = 0 (Timeout)
6409  madvise(0xffff9238e000, 8253440, MADV_DONTNEED) = 0
6409  exit(0)                           = ?
6407  <... futex resumed>)              = 0
6409  +++ exited with 0 +++
6407  close(7)                          = 0
6407  close(6)                          = 0
6407  close(5)                          = 0
6407  close(4)                          = 0
6407  close(3)                          = 0
6407  lseek(0, -1, SEEK_CUR)            = -1 ESPIPE (Illegal seek)
6407  exit_group(0)                     = ?
6407  +++ exited with 0 +++
